0 verbose cli C:\Program Files\nodejs\node.exe C:\Program Files\nodejs\node_modules\npm\bin\npm-cli.js
1 info using npm@10.9.2
2 info using node@v22.14.0
3 silly config load:file:C:\Program Files\nodejs\node_modules\npm\npmrc
4 silly config load:file:D:\Website\drinkregen\.npmrc
5 silly config load:file:C:\Users\ihsan_tx2bvvq\.npmrc
6 silly config load:file:C:\Users\ihsan_tx2bvvq\AppData\Roaming\npm\etc\npmrc
7 verbose title npm install lenis@1.3.11
8 verbose argv "install" "lenis@1.3.11" "--legacy-peer-deps" "--cache" ".\\.npm-cache"
9 verbose logfile logs-max:10 dir:D:\Website\drinkregen\.npm-cache\_logs\2026-07-03T06_31_37_012Z-
10 verbose logfile D:\Website\drinkregen\.npm-cache\_logs\2026-07-03T06_31_37_012Z-debug-0.log
11 silly logfile done cleaning log files
12 silly packumentCache heap:4345298944 maxSize:1086324736 maxEntrySize:543162368
13 silly idealTree buildDeps
14 silly fetch manifest lenis@1.3.11
15 silly packumentCache full:https://registry.npmjs.org/lenis cache-miss
16 verbose shrinkwrap failed to load node_modules/.package-lock.json missing from node_modules: node_modules/@astrojs/compiler-binding-darwin-arm64
17 http cache https://registry.npmjs.org/lenis 37ms (cache hit)
18 silly packumentCache full:https://registry.npmjs.org/lenis set size:369822 disposed:false
19 silly placeDep ROOT lenis@1.3.11 OK for: drinkregen@0.0.1 want: 1.3.11
20 silly reify moves {}
21 verbose reify failed optional dependency D:\Website\drinkregen\node_modules\@tailwindcss\oxide-wasm32-wasi
22 silly reify mark deleted [
22 silly reify   'D:\\Website\\drinkregen\\node_modules\\@tailwindcss\\oxide-wasm32-wasi'
22 silly reify ]
23 silly audit bulk request {
23 silly audit   '@astrojs/check': [ '0.9.9' ],
23 silly audit   chokidar: [ '4.0.3', '5.0.0' ],
23 silly audit   readdirp: [ '4.1.2', '5.0.0' ],
23 silly audit   '@astrojs/compiler': [ '2.13.1' ],
23 silly audit   '@astrojs/compiler-binding': [ '0.3.0' ],
23 silly audit   '@astrojs/compiler-binding-darwin-arm64': [ '0.3.0' ],
23 silly audit   '@astrojs/compiler-binding-darwin-x64': [ '0.3.0' ],
23 silly audit   '@astrojs/compiler-binding-linux-arm64-gnu': [ '0.3.0' ],
23 silly audit   '@astrojs/compiler-binding-linux-arm64-musl': [ '0.3.0' ],
23 silly audit   '@astrojs/compiler-binding-linux-x64-gnu': [ '0.3.0' ],
23 silly audit   '@astrojs/compiler-binding-linux-x64-musl': [ '0.3.0' ],
23 silly audit   '@astrojs/compiler-binding-wasm32-wasi': [ '0.3.0' ],
23 silly audit   '@astrojs/compiler-binding-win32-arm64-msvc': [ '0.3.0' ],
23 silly audit   '@astrojs/compiler-binding-win32-x64-msvc': [ '0.3.0' ],
23 silly audit   '@astrojs/compiler-rs': [ '0.3.0' ],
23 silly audit   '@astrojs/internal-helpers': [ '0.10.0' ],
23 silly audit   '@astrojs/language-server': [ '2.16.11' ],
23 silly audit   '@astrojs/markdown-satteri': [ '0.3.2' ],
23 silly audit   '@astrojs/prism': [ '4.0.2' ],
23 silly audit   '@astrojs/react': [ '6.0.0' ],
23 silly audit   '@astrojs/telemetry': [ '3.3.2' ],
23 silly audit   '@astrojs/yaml2ts': [ '0.2.4' ],
23 silly audit   '@babel/code-frame': [ '7.29.7' ],
23 silly audit   '@babel/compat-data': [ '7.29.7' ],
23 silly audit   '@babel/core': [ '7.29.7' ],
23 silly audit   semver: [ '6.3.1', '7.8.5' ],
23 silly audit   '@babel/generator': [ '7.29.7' ],
23 silly audit   '@babel/helper-annotate-as-pure': [ '7.29.7' ],
23 silly audit   '@babel/helper-compilation-targets': [ '7.29.7' ],
23 silly audit   'lru-cache': [ '5.1.1', '11.5.1' ],
23 silly audit   '@babel/helper-create-class-features-plugin': [ '7.29.7' ],
23 silly audit   '@babel/helper-globals': [ '7.29.7' ],
23 silly audit   '@babel/helper-member-expression-to-functions': [ '7.29.7' ],
23 silly audit   '@babel/helper-module-imports': [ '7.29.7' ],
23 silly audit   '@babel/helper-module-transforms': [ '7.29.7' ],
23 silly audit   '@babel/helper-optimise-call-expression': [ '7.29.7' ],
23 silly audit   '@babel/helper-plugin-utils': [ '7.29.7' ],
23 silly audit   '@babel/helper-replace-supers': [ '7.29.7' ],
23 silly audit   '@babel/helper-skip-transparent-expression-wrappers': [ '7.29.7' ],
23 silly audit   '@babel/helper-string-parser': [ '7.29.7' ],
23 silly audit   '@babel/helper-validator-identifier': [ '7.29.7' ],
23 silly audit   '@babel/helper-validator-option': [ '7.29.7' ],
23 silly audit   '@babel/helpers': [ '7.29.7' ],
23 silly audit   '@babel/parser': [ '7.29.7' ],
23 silly audit   '@babel/plugin-syntax-jsx': [ '7.29.7' ],
23 silly audit   '@babel/plugin-syntax-typescript': [ '7.29.7' ],
23 silly audit   '@babel/plugin-transform-modules-commonjs': [ '7.29.7' ],
23 silly audit   '@babel/plugin-transform-react-jsx-self': [ '7.29.7' ],
23 silly audit   '@babel/plugin-transform-react-jsx-source': [ '7.29.7' ],
23 silly audit   '@babel/plugin-transform-typescript': [ '7.29.7' ],
23 silly audit   '@babel/preset-typescript': [ '7.29.7' ],
23 silly audit   '@babel/runtime': [ '7.29.7' ],
23 silly audit   '@babel/template': [ '7.29.7' ],
23 silly audit   '@babel/traverse': [ '7.29.7' ],
23 silly audit   '@babel/types': [ '7.29.7' ],
23 silly audit   '@base-ui/react': [ '1.6.0' ],
23 silly audit   '@base-ui/utils': [ '0.3.1' ],
23 silly audit   '@better-auth/core': [ '1.6.23' ],
23 silly audit   '@better-auth/drizzle-adapter': [ '1.6.23' ],
23 silly audit   '@better-auth/kysely-adapter': [ '1.6.23' ],
23 silly audit   '@better-auth/memory-adapter': [ '1.6.23' ],
23 silly audit   '@better-auth/mongo-adapter': [ '1.6.23' ],
23 silly audit   '@better-auth/prisma-adapter': [ '1.6.23' ],
23 silly audit   '@better-auth/telemetry': [ '1.6.23' ],
23 silly audit   '@better-auth/utils': [ '0.4.2' ],
23 silly audit   '@better-fetch/fetch': [ '1.3.1' ],
23 silly audit   '@bruits/satteri-darwin-arm64': [ '0.9.4' ],
23 silly audit   '@bruits/satteri-darwin-x64': [ '0.9.4' ],
23 silly audit   '@bruits/satteri-linux-arm64-gnu': [ '0.9.4' ],
23 silly audit   '@bruits/satteri-linux-arm64-musl': [ '0.9.4' ],
23 silly audit   '@bruits/satteri-linux-x64-gnu': [ '0.9.4' ],
23 silly audit   '@bruits/satteri-linux-x64-musl': [ '0.9.4' ],
23 silly audit   '@bruits/satteri-wasm32-wasi': [ '0.9.4' ],
23 silly audit   '@bruits/satteri-win32-arm64-msvc': [ '0.9.4' ],
23 silly audit   '@bruits/satteri-win32-x64-msvc': [ '0.9.4' ],
23 silly audit   '@capsizecss/unpack': [ '4.0.1' ],
23 silly audit   '@clack/core': [ '1.4.2' ],
23 silly audit   '@clack/prompts': [ '1.6.0' ],
23 silly audit   '@date-fns/tz': [ '1.5.0' ],
23 silly audit   '@dotenvx/dotenvx': [ '1.75.1' ],
23 silly audit   'define-lazy-prop': [ '2.0.0', '3.0.0' ],
23 silly audit   dotenv: [ '17.4.2', '16.6.1' ],
23 silly audit   execa: [ '5.1.1', '9.6.1' ],
23 silly audit   'get-stream': [ '6.0.1', '9.0.1' ],
23 silly audit   'human-signals': [ '2.1.0', '8.0.1' ],
23 silly audit   'is-docker': [ '2.2.1', '4.0.0', '3.0.0' ],
23 silly audit   'is-stream': [ '2.0.1', '4.0.1' ],
23 silly audit   'is-wsl': [ '2.2.0', '3.1.1' ],
23 silly audit   'npm-run-path': [ '4.0.1', '6.0.0' ],
23 silly audit   open: [ '8.4.2', '11.0.0' ],
23 silly audit   'signal-exit': [ '3.0.7', '4.1.0' ],
23 silly audit   'strip-final-newline': [ '2.0.0', '4.0.0' ],
23 silly audit   '@dotenvx/primitives': [ '0.8.0' ],
23 silly audit   '@emmetio/abbreviation': [ '2.3.3' ],
23 silly audit   '@emmetio/css-abbreviation': [ '2.1.8' ],
23 silly audit   '@emmetio/css-parser': [ '0.4.1' ],
23 silly audit   '@emmetio/html-matcher': [ '1.3.0' ],
23 silly audit   '@emmetio/scanner': [ '1.0.4' ],
23 silly audit   '@emmetio/stream-reader': [ '2.2.0' ],
23 silly audit   '@emmetio/stream-reader-utils': [ '0.1.0' ],
23 silly audit   '@emnapi/core': [ '1.11.1' ],
23 silly audit   '@emnapi/runtime': [ '1.11.1' ],
23 silly audit   '@emnapi/wasi-threads': [ '1.2.2' ],
23 silly audit   '@esbuild/aix-ppc64': [ '0.28.1' ],
23 silly audit   '@esbuild/android-arm': [ '0.28.1' ],
23 silly audit   '@esbuild/android-arm64': [ '0.28.1' ],
23 silly audit   '@esbuild/android-x64': [ '0.28.1' ],
23 silly audit   '@esbuild/darwin-arm64': [ '0.28.1' ],
23 silly audit   '@esbuild/darwin-x64': [ '0.28.1' ],
23 silly audit   '@esbuild/freebsd-arm64': [ '0.28.1' ],
23 silly audit   '@esbuild/freebsd-x64': [ '0.28.1' ],
23 silly audit   '@esbuild/linux-arm': [ '0.28.1' ],
23 silly audit   '@esbuild/linux-arm64': [ '0.28.1' ],
23 silly audit   '@esbuild/linux-ia32': [ '0.28.1' ],
23 silly audit   '@esbuild/linux-loong64': [ '0.28.1' ],
23 silly audit   '@esbuild/linux-mips64el': [ '0.28.1' ],
23 silly audit   '@esbuild/linux-ppc64': [ '0.28.1' ],
23 silly audit   '@esbuild/linux-riscv64': [ '0.28.1' ],
23 silly audit   '@esbuild/linux-s390x': [ '0.28.1' ],
23 silly audit   '@esbuild/linux-x64': [ '0.28.1' ],
23 silly audit   '@esbuild/netbsd-arm64': [ '0.28.1' ],
23 silly audit   '@esbuild/netbsd-x64': [ '0.28.1' ],
23 silly audit   '@esbuild/openbsd-arm64': [ '0.28.1' ],
23 silly audit   '@esbuild/openbsd-x64': [ '0.28.1' ],
23 silly audit   '@esbuild/openharmony-arm64': [ '0.28.1' ],
23 silly audit   '@esbuild/sunos-x64': [ '0.28.1' ],
23 silly audit   '@esbuild/win32-arm64': [ '0.28.1' ],
23 silly audit   '@esbuild/win32-ia32': [ '0.28.1' ],
23 silly audit   '@esbuild/win32-x64': [ '0.28.1' ],
23 silly audit   '@floating-ui/core': [ '1.7.5' ],
23 silly audit   '@floating-ui/dom': [ '1.7.6' ],
23 silly audit   '@floating-ui/react-dom': [ '2.1.8' ],
23 silly audit   '@floating-ui/utils': [ '0.2.11' ],
23 silly audit   '@fontsource-variable/inter': [ '5.2.8' ],
23 silly audit   '@hono/node-server': [ '1.19.14' ],
23 silly audit   '@img/colour': [ '1.1.0' ],
23 silly audit   '@img/sharp-darwin-arm64': [ '0.35.3' ],
23 silly audit   '@img/sharp-darwin-x64': [ '0.35.3' ],
23 silly audit   '@img/sharp-freebsd-wasm32': [ '0.35.3' ],
23 silly audit   '@img/sharp-libvips-darwin-arm64': [ '1.3.2' ],
23 silly audit   '@img/sharp-libvips-darwin-x64': [ '1.3.2' ],
23 silly audit   '@img/sharp-libvips-linux-arm': [ '1.3.2' ],
23 silly audit   '@img/sharp-libvips-linux-arm64': [ '1.3.2' ],
23 silly audit   '@img/sharp-libvips-linux-ppc64': [ '1.3.2' ],
23 silly audit   '@img/sharp-libvips-linux-riscv64': [ '1.3.2' ],
23 silly audit   '@img/sharp-libvips-linux-s390x': [ '1.3.2' ],
23 silly audit   '@img/sharp-libvips-linux-x64': [ '1.3.2' ],
23 silly audit   '@img/sharp-libvips-linuxmusl-arm64': [ '1.3.2' ],
23 silly audit   '@img/sharp-libvips-linuxmusl-x64': [ '1.3.2' ],
23 silly audit   '@img/sharp-linux-arm': [ '0.35.3' ],
23 silly audit   '@img/sharp-linux-arm64': [ '0.35.3' ],
23 silly audit   '@img/sharp-linux-ppc64': [ '0.35.3' ],
23 silly audit   '@img/sharp-linux-riscv64': [ '0.35.3' ],
23 silly audit   '@img/sharp-linux-s390x': [ '0.35.3' ],
23 silly audit   '@img/sharp-linux-x64': [ '0.35.3' ],
23 silly audit   '@img/sharp-linuxmusl-arm64': [ '0.35.3' ],
23 silly audit   '@img/sharp-linuxmusl-x64': [ '0.35.3' ],
23 silly audit   '@img/sharp-wasm32': [ '0.35.3' ],
23 silly audit   '@img/sharp-webcontainers-wasm32': [ '0.35.3' ],
23 silly audit   '@img/sharp-win32-arm64': [ '0.35.3' ],
23 silly audit   '@img/sharp-win32-ia32': [ '0.35.3' ],
23 silly audit   '@img/sharp-win32-x64': [ '0.35.3' ],
23 silly audit   '@jridgewell/gen-mapping': [ '0.3.13' ],
23 silly audit   '@jridgewell/remapping': [ '2.3.5' ],
23 silly audit   '@jridgewell/resolve-uri': [ '3.1.2' ],
23 silly audit   '@jridgewell/sourcemap-codec': [ '1.5.5' ],
23 silly audit   '@jridgewell/trace-mapping': [ '0.3.31' ],
23 silly audit   '@modelcontextprotocol/sdk': [ '1.29.0' ],
23 silly audit   '@napi-rs/wasm-runtime': [ '1.1.6' ],
23 silly audit   '@noble/ciphers': [ '2.2.0' ],
23 silly audit   '@noble/hashes': [ '2.2.0' ],
23 silly audit   '@nodelib/fs.scandir': [ '2.1.5' ],
23 silly audit   '@nodelib/fs.stat': [ '2.0.5' ],
23 silly audit   '@nodelib/fs.walk': [ '1.2.8' ],
23 silly audit   '@opentelemetry/semantic-conventions': [ '1.41.1' ],
23 silly audit   '@oslojs/encoding': [ '1.1.0' ],
23 silly audit   '@oxc-project/types': [ '0.138.0' ],
23 silly audit   '@prisma/config': [ '6.19.3' ],
23 silly audit   c12: [ '3.1.0' ],
23 silly audit   '@prisma/debug': [ '6.19.3' ],
23 silly audit   '@prisma/engines': [ '6.19.3' ],
23 silly audit   '@prisma/engines-version': [ '7.1.1-3.c2990dca591cba766e3b7ef5d9e8a84796e47ab7' ],
23 silly audit   '@prisma/fetch-engine': [ '6.19.3' ],
23 silly audit   '@prisma/get-platform': [ '6.19.3' ],
23 silly audit   '@radix-ui/number': [ '1.1.2' ],
23 silly audit   '@radix-ui/primitive': [ '1.1.4' ],
23 silly audit   '@radix-ui/react-accessible-icon': [ '1.1.11' ],
23 silly audit   '@radix-ui/react-accordion': [ '1.2.15' ],
23 silly audit   '@radix-ui/react-alert-dialog': [ '1.1.18' ],
23 silly audit   '@radix-ui/react-arrow': [ '1.1.11' ],
23 silly audit   '@radix-ui/react-aspect-ratio': [ '1.1.11' ],
23 silly audit   '@radix-ui/react-avatar': [ '1.2.1' ],
23 silly audit   '@radix-ui/react-checkbox': [ '1.3.6' ],
23 silly audit   '@radix-ui/react-collapsible': [ '1.1.15' ],
23 silly audit   '@radix-ui/react-collection': [ '1.1.11' ],
23 silly audit   '@radix-ui/react-compose-refs': [ '1.1.3' ],
23 silly audit   '@radix-ui/react-context': [ '1.1.4' ],
23 silly audit   '@radix-ui/react-context-menu': [ '2.3.2' ],
23 silly audit   '@radix-ui/react-dialog': [ '1.1.18' ],
23 silly audit   '@radix-ui/react-direction': [ '1.1.2' ],
23 silly audit   '@radix-ui/react-dismissable-layer': [ '1.1.14' ],
23 silly audit   '@radix-ui/react-dropdown-menu': [ '2.1.19' ],
23 silly audit   '@radix-ui/react-focus-guards': [ '1.1.4' ],
23 silly audit   '@radix-ui/react-focus-scope': [ '1.1.11' ],
23 silly audit   '@radix-ui/react-form': [ '0.1.11' ],
23 silly audit   '@radix-ui/react-hover-card': [ '1.1.18' ],
23 silly audit   '@radix-ui/react-id': [ '1.1.2' ],
23 silly audit   '@radix-ui/react-label': [ '2.1.11' ],
23 silly audit   '@radix-ui/react-menu': [ '2.1.19' ],
23 silly audit   '@radix-ui/react-menubar': [ '1.1.19' ],
23 silly audit   '@radix-ui/react-navigation-menu': [ '1.2.17' ],
23 silly audit   '@radix-ui/react-one-time-password-field': [ '0.1.11' ],
23 silly audit   '@radix-ui/react-password-toggle-field': [ '0.1.6' ],
23 silly audit   '@radix-ui/react-popover': [ '1.1.18' ],
23 silly audit   '@radix-ui/react-popper': [ '1.3.2' ],
23 silly audit   '@radix-ui/react-portal': [ '1.1.13' ],
23 silly audit   '@radix-ui/react-presence': [ '1.1.6' ],
23 silly audit   '@radix-ui/react-primitive': [ '2.1.7' ],
23 silly audit   '@radix-ui/react-progress': [ '1.1.11' ],
23 silly audit   '@radix-ui/react-radio-group': [ '1.4.2' ],
23 silly audit   '@radix-ui/react-roving-focus': [ '1.1.14' ],
23 silly audit   '@radix-ui/react-scroll-area': [ '1.2.13' ],
23 silly audit   '@radix-ui/react-select': [ '2.3.2' ],
23 silly audit   '@radix-ui/react-separator': [ '1.1.11' ],
23 silly audit   '@radix-ui/react-slider': [ '1.4.2' ],
23 silly audit   '@radix-ui/react-slot': [ '1.3.0' ],
23 silly audit   '@radix-ui/react-switch': [ '1.3.2' ],
23 silly audit   '@radix-ui/react-tabs': [ '1.1.16' ],
23 silly audit   '@radix-ui/react-toast': [ '1.2.18' ],
23 silly audit   '@radix-ui/react-toggle': [ '1.1.13' ],
23 silly audit   '@radix-ui/react-toggle-group': [ '1.1.14' ],
23 silly audit   '@radix-ui/react-toolbar': [ '1.1.14' ],
23 silly audit   '@radix-ui/react-tooltip': [ '1.2.11' ],
23 silly audit   '@radix-ui/react-use-callback-ref': [ '1.1.2' ],
23 silly audit   '@radix-ui/react-use-controllable-state': [ '1.2.3' ],
23 silly audit   '@radix-ui/react-use-effect-event': [ '0.0.3' ],
23 silly audit   '@radix-ui/react-use-escape-keydown': [ '1.1.3' ],
23 silly audit   '@radix-ui/react-use-is-hydrated': [ '0.1.1' ],
23 silly audit   '@radix-ui/react-use-layout-effect': [ '1.1.2' ],
23 silly audit   '@radix-ui/react-use-previous': [ '1.1.2' ],
23 silly audit   '@radix-ui/react-use-rect': [ '1.1.2' ],
23 silly audit   '@radix-ui/react-use-size': [ '1.1.2' ],
23 silly audit   '@radix-ui/react-visually-hidden': [ '1.2.7' ],
23 silly audit   '@radix-ui/rect': [ '1.1.2' ],
23 silly audit   '@reduxjs/toolkit': [ '2.12.0' ],
23 silly audit   immer: [ '11.1.9', '10.2.0' ],
23 silly audit   '@rolldown/binding-android-arm64': [ '1.1.4' ],
23 silly audit   '@rolldown/binding-darwin-arm64': [ '1.1.4' ],
23 silly audit   '@rolldown/binding-darwin-x64': [ '1.1.4' ],
23 silly audit   '@rolldown/binding-freebsd-x64': [ '1.1.4' ],
23 silly audit   '@rolldown/binding-linux-arm-gnueabihf': [ '1.1.4' ],
23 silly audit   '@rolldown/binding-linux-arm64-gnu': [ '1.1.4' ],
23 silly audit   '@rolldown/binding-linux-arm64-musl': [ '1.1.4' ],
23 silly audit   '@rolldown/binding-linux-ppc64-gnu': [ '1.1.4' ],
23 silly audit   '@rolldown/binding-linux-s390x-gnu': [ '1.1.4' ],
23 silly audit   '@rolldown/binding-linux-x64-gnu': [ '1.1.4' ],
23 silly audit   '@rolldown/binding-linux-x64-musl': [ '1.1.4' ],
23 silly audit   '@rolldown/binding-openharmony-arm64': [ '1.1.4' ],
23 silly audit   '@rolldown/binding-wasm32-wasi': [ '1.1.4' ],
23 silly audit   '@rolldown/binding-win32-arm64-msvc': [ '1.1.4' ],
23 silly audit   '@rolldown/binding-win32-x64-msvc': [ '1.1.4' ],
23 silly audit   '@rolldown/pluginutils': [ '1.0.1', '1.0.0-rc.3' ],
23 silly audit   '@rollup/pluginutils': [ '5.4.0' ],
23 silly audit   '@sec-ant/readable-stream': [ '0.4.1' ],
23 silly audit   '@shadcn/react': [ '0.2.0' ],
23 silly audit   '@shikijs/core': [ '4.3.0' ],
23 silly audit   '@shikijs/engine-javascript': [ '4.3.0' ],
23 silly audit   '@shikijs/engine-oniguruma': [ '4.3.0' ],
23 silly audit   '@shikijs/langs': [ '4.3.0' ],
23 silly audit   '@shikijs/primitive': [ '4.3.0' ],
23 silly audit   '@shikijs/themes': [ '4.3.0' ],
23 silly audit   '@shikijs/types': [ '4.3.0' ],
23 silly audit   '@shikijs/vscode-textmate': [ '10.0.2' ],
23 silly audit   '@sindresorhus/merge-streams': [ '4.0.0' ],
23 silly audit   '@standard-schema/spec': [ '1.1.0' ],
23 silly audit   '@standard-schema/utils': [ '0.3.0' ],
23 silly audit   '@tailwindcss/node': [ '4.3.2' ],
23 silly audit   '@tailwindcss/oxide': [ '4.3.2' ],
23 silly audit   '@tailwindcss/oxide-android-arm64': [ '4.3.2' ],
23 silly audit   '@tailwindcss/oxide-darwin-arm64': [ '4.3.2' ],
23 silly audit   '@tailwindcss/oxide-darwin-x64': [ '4.3.2' ],
23 silly audit   '@tailwindcss/oxide-freebsd-x64': [ '4.3.2' ],
23 silly audit   '@tailwindcss/oxide-linux-arm-gnueabihf': [ '4.3.2' ],
23 silly audit   '@tailwindcss/oxide-linux-arm64-gnu': [ '4.3.2' ],
23 silly audit   '@tailwindcss/oxide-linux-arm64-musl': [ '4.3.2' ],
23 silly audit   '@tailwindcss/oxide-linux-x64-gnu': [ '4.3.2' ],
23 silly audit   '@tailwindcss/oxide-linux-x64-musl': [ '4.3.2' ],
23 silly audit   '@tailwindcss/oxide-win32-arm64-msvc': [ '4.3.2' ],
23 silly audit   '@tailwindcss/oxide-win32-x64-msvc': [ '4.3.2' ],
23 silly audit   '@tailwindcss/vite': [ '4.3.2' ],
23 silly audit   '@ts-morph/common': [ '0.27.0' ],
23 silly audit   '@tybys/wasm-util': [ '0.10.3' ],
23 silly audit   '@types/babel__core': [ '7.20.5' ],
23 silly audit   '@types/babel__generator': [ '7.27.0' ],
23 silly audit   '@types/babel__template': [ '7.4.4' ],
23 silly audit   '@types/babel__traverse': [ '7.28.0' ],
23 silly audit   '@types/d3-array': [ '3.2.2' ],
23 silly audit   '@types/d3-color': [ '3.1.3' ],
23 silly audit   '@types/d3-ease': [ '3.0.2' ],
23 silly audit   '@types/d3-interpolate': [ '3.0.4' ],
23 silly audit   '@types/d3-path': [ '3.1.1' ],
23 silly audit   '@types/d3-scale': [ '4.0.9' ],
23 silly audit   '@types/d3-shape': [ '3.1.8' ],
23 silly audit   '@types/d3-time': [ '3.0.4' ],
23 silly audit   '@types/d3-timer': [ '3.0.2' ],
23 silly audit   '@types/estree': [ '1.0.9' ],
23 silly audit   '@types/estree-jsx': [ '1.0.5' ],
23 silly audit   '@types/hast': [ '3.0.4' ],
23 silly audit   '@types/mdast': [ '4.0.4' ],
23 silly audit   '@types/nlcst': [ '2.0.3' ],
23 silly audit   '@types/node': [ '26.1.0' ],
23 silly audit   '@types/pg': [ '8.20.0' ],
23 silly audit   '@types/react': [ '19.2.17' ],
23 silly audit   '@types/react-dom': [ '19.2.3' ],
23 silly audit   '@types/unist': [ '3.0.3' ],
23 silly audit   '@types/use-sync-external-store': [ '0.0.6' ],
23 silly audit   '@types/validate-npm-package-name': [ '4.0.2' ],
23 silly audit   '@ungap/structured-clone': [ '1.3.2' ],
23 silly audit   '@vitejs/plugin-react': [ '5.2.0' ],
23 silly audit   '@volar/kit': [ '2.4.28' ],
23 silly audit   '@volar/language-core': [ '2.4.28' ],
23 silly audit   '@volar/language-server': [ '2.4.28' ],
23 silly audit   '@volar/language-service': [ '2.4.28' ],
23 silly audit   '@volar/source-map': [ '2.4.28' ],
23 silly audit   '@volar/typescript': [ '2.4.28' ],
23 silly audit   '@vscode/emmet-helper': [ '2.11.0' ],
23 silly audit   'jsonc-parser': [ '2.3.1', '3.3.1' ],
23 silly audit   '@vscode/l10n': [ '0.0.18' ],
23 silly audit   accepts: [ '2.0.0' ],
23 silly audit   ajv: [ '8.20.0' ],
23 silly audit   'ajv-draft-04': [ '1.0.0' ],
23 silly audit   'ajv-formats': [ '3.0.1', '2.1.1' ],
23 silly audit   'ajv-i18n': [ '4.2.0' ],
23 silly audit   'am-i-vibing': [ '0.4.0' ],
23 silly audit   'ansi-colors': [ '4.1.3' ],
23 silly audit   'ansi-regex': [ '5.0.1', '6.2.2' ],
23 silly audit   'ansi-styles': [ '4.3.0' ],
23 silly audit   anymatch: [ '3.1.3' ],
23 silly audit   picomatch: [ '2.3.2', '4.0.4' ],
23 silly audit   argparse: [ '2.0.1' ],
23 silly audit   'aria-hidden': [ '1.2.6' ],
23 silly audit   'aria-query': [ '5.3.2' ],
23 silly audit   'ast-types': [ '0.16.1' ],
23 silly audit   astro: [ '7.0.5' ],
23 silly audit   'astro-integration-kit': [ '0.19.1' ],
23 silly audit   pathe: [ '1.1.2', '2.0.3' ],
23 silly audit   'astro-lenis': [ '1.0.5' ],
23 silly audit   typescript: [ '5.9.3' ],
23 silly audit   'astro-seo': [ '1.1.0' ],
23 silly audit   atomically: [ '1.7.0' ],
23 silly audit   'axobject-query': [ '4.1.0' ],
23 silly audit   bail: [ '2.0.2' ],
23 silly audit   'balanced-match': [ '4.0.4' ],
23 silly audit   'baseline-browser-mapping': [ '2.10.40' ],
23 silly audit   'better-auth': [ '1.6.23' ],
23 silly audit   'better-call': [ '1.3.7' ],
23 silly audit   'body-parser': [ '2.3.0' ],
23 silly audit   'content-type': [ '2.0.0', '1.0.5' ],
23 silly audit   boolbase: [ '1.0.0' ],
23 silly audit   'brace-expansion': [ '5.0.7' ],
23 silly audit   braces: [ '3.0.3' ],
23 silly audit   browserslist: [ '4.28.4' ],
23 silly audit   'bundle-name': [ '4.1.0' ],
23 silly audit   bytes: [ '3.1.2' ],
23 silly audit   'call-bind-apply-helpers': [ '1.0.2' ],
23 silly audit   'call-bound': [ '1.0.4' ],
23 silly audit   callsites: [ '3.1.0' ],
23 silly audit   'caniuse-lite': [ '1.0.30001800' ],
23 silly audit   ccount: [ '2.0.1' ],
23 silly audit   chalk: [ '5.6.2' ],
23 silly audit   'character-entities-html4': [ '2.1.0' ],
23 silly audit   'character-entities-legacy': [ '3.0.0' ],
23 silly audit   'ci-info': [ '4.4.0' ],
23 silly audit   citty: [ '0.1.6', '0.2.2' ],
23 silly audit   'class-variance-authority': [ '0.7.1' ],
23 silly audit   'cli-cursor': [ '5.0.0' ],
23 silly audit   'cli-spinners': [ '2.9.2' ],
23 silly audit   cliui: [ '8.0.1' ],
23 silly audit   'emoji-regex': [ '8.0.0', '10.6.0' ],
23 silly audit   'string-width': [ '4.2.3', '7.2.0' ],
23 silly audit   clsx: [ '2.1.1' ],
23 silly audit   cmdk: [ '1.1.1' ],
23 silly audit   'code-block-writer': [ '13.0.3' ],
23 silly audit   'color-convert': [ '2.0.1' ],
23 silly audit   'color-name': [ '1.1.4' ],
23 silly audit   'comma-separated-tokens': [ '2.0.3' ],
23 silly audit   commander: [ '11.1.0', '14.0.3' ],
23 silly audit   'common-ancestor-path': [ '2.0.0' ],
23 silly audit   conf: [ '10.2.0' ],
23 silly audit   'json-schema-typed': [ '7.0.3', '8.0.2' ],
23 silly audit   confbox: [ '0.2.4' ],
23 silly audit   consola: [ '3.4.2' ],
23 silly audit   'content-disposition': [ '1.1.0' ],
23 silly audit   'convert-source-map': [ '2.0.0' ],
23 silly audit   cookie: [ '1.1.1', '0.7.2' ],
23 silly audit   'cookie-es': [ '1.2.3' ],
23 silly audit   'cookie-signature': [ '1.2.2' ],
23 silly audit   cors: [ '2.8.6' ],
23 silly audit   cosmiconfig: [ '9.0.2' ],
23 silly audit   'cross-spawn': [ '7.0.6' ],
23 silly audit   isexe: [ '2.0.0', '3.1.5' ],
23 silly audit   which: [ '2.0.2', '4.0.0' ],
23 silly audit   crossws: [ '0.3.5' ],
23 silly audit   'css-select': [ '5.2.2' ],
23 silly audit   'css-tree': [ '3.2.1', '2.2.1' ],
23 silly audit   'css-what': [ '6.2.2' ],
23 silly audit   cssesc: [ '3.0.0' ],
23 silly audit   csso: [ '5.0.5' ],
23 silly audit   'mdn-data': [ '2.0.28', '2.27.1' ],
23 silly audit   csstype: [ '3.2.3' ],
23 silly audit   'd3-array': [ '3.2.4' ],
23 silly audit   'd3-color': [ '3.1.0' ],
23 silly audit   'd3-ease': [ '3.0.1' ],
23 silly audit   'd3-format': [ '3.1.2' ],
23 silly audit   'd3-interpolate': [ '3.0.1' ],
23 silly audit   'd3-path': [ '3.1.0' ],
23 silly audit   'd3-scale': [ '4.0.2' ],
23 silly audit   'd3-shape': [ '3.2.0' ],
23 silly audit   'd3-time': [ '3.1.0' ],
23 silly audit   'd3-time-format': [ '4.1.0' ],
23 silly audit   'd3-timer': [ '3.0.1' ],
23 silly audit   'date-fns': [ '4.4.0' ],
23 silly audit   'debounce-fn': [ '4.0.0' ],
23 silly audit   debug: [ '4.4.3' ],
23 silly audit   'decimal.js-light': [ '2.5.1' ],
23 silly audit   dedent: [ '1.7.2' ],
23 silly audit   deepmerge: [ '4.3.1' ],
23 silly audit   'deepmerge-ts': [ '7.1.5' ],
23 silly audit   'default-browser': [ '5.5.0' ],
23 silly audit   'default-browser-id': [ '5.0.1' ],
23 silly audit   defu: [ '6.1.7' ],
23 silly audit   depd: [ '2.0.0' ],
23 silly audit   dequal: [ '2.0.3' ],
23 silly audit   destr: [ '2.0.5' ],
23 silly audit   'detect-libc': [ '2.1.2' ],
23 silly audit   'detect-node-es': [ '1.1.0' ],
23 silly audit   devalue: [ '5.8.1' ],
23 silly audit   devlop: [ '1.1.0' ],
23 silly audit   diff: [ '8.0.4' ],
23 silly audit   'dom-serializer': [ '2.0.0' ],
23 silly audit   domelementtype: [ '2.3.0' ],
23 silly audit   domhandler: [ '5.0.3' ],
23 silly audit   domutils: [ '3.2.2' ],
23 silly audit   'dot-prop': [ '6.0.1' ],
23 silly audit   dset: [ '3.1.4' ],
23 silly audit   'dunder-proto': [ '1.0.1' ],
23 silly audit   'ee-first': [ '1.1.1' ],
23 silly audit   effect: [ '3.21.0' ],
23 silly audit   'electron-to-chromium': [ '1.5.384' ],
23 silly audit   'embla-carousel': [ '8.6.0' ],
23 silly audit   'embla-carousel-react': [ '8.6.0' ],
23 silly audit   'embla-carousel-reactive-utils': [ '8.6.0' ],
23 silly audit   emmet: [ '2.4.11' ],
23 silly audit   empathic: [ '2.0.0' ],
23 silly audit   encodeurl: [ '2.0.0' ],
23 silly audit   'enhanced-resolve': [ '5.21.6' ],
23 silly audit   enquirer: [ '2.4.1' ],
23 silly audit   entities: [ '4.5.0' ],
23 silly audit   'env-paths': [ '2.2.1' ],
23 silly audit   'error-ex': [ '1.3.4' ],
23 silly audit   'es-define-property': [ '1.0.1' ],
23 silly audit   'es-errors': [ '1.3.0' ],
23 silly audit   'es-module-lexer': [ '2.3.0' ],
23 silly audit   'es-object-atoms': [ '1.1.2' ],
23 silly audit   'es-toolkit': [ '1.49.0' ],
23 silly audit   esbuild: [ '0.28.1' ],
23 silly audit   escalade: [ '3.2.0' ],
23 silly audit   'escape-html': [ '1.0.3' ],
23 silly audit   esprima: [ '4.0.1' ],
23 silly audit   'estree-walker': [ '2.0.2' ],
23 silly audit   etag: [ '1.8.1' ],
23 silly audit   eventemitter3: [ '5.0.4' ],
23 silly audit   eventsource: [ '3.0.7' ],
23 silly audit   'eventsource-parser': [ '3.1.0' ],
23 silly audit   express: [ '5.2.1' ],
23 silly audit   'express-rate-limit': [ '8.5.2' ],
23 silly audit   exsolve: [ '1.1.0' ],
23 silly audit   extend: [ '3.0.2' ],
23 silly audit   'fast-check': [ '3.23.2' ],
23 silly audit   'fast-deep-equal': [ '3.1.3' ],
23 silly audit   'fast-glob': [ '3.3.3' ],
23 silly audit   'fast-string-truncated-width': [ '3.0.3' ],
23 silly audit   'fast-string-width': [ '3.0.2' ],
23 silly audit   'fast-uri': [ '3.1.3' ],
23 silly audit   'fast-wrap-ansi': [ '0.2.2' ],
23 silly audit   fastq: [ '1.20.1' ],
23 silly audit   fdir: [ '6.5.0' ],
23 silly audit   figures: [ '6.1.0' ],
23 silly audit   'fill-range': [ '7.1.1' ],
23 silly audit   finalhandler: [ '2.1.1' ],
23 silly audit   'find-up': [ '3.0.0' ],
23 silly audit   flattie: [ '1.1.1' ],
23 silly audit   fontace: [ '0.4.1' ],
23 silly audit   fontkitten: [ '1.0.3' ],
23 silly audit   forwarded: [ '0.2.0' ],
23 silly audit   'framer-motion': [ '12.42.2' ],
23 silly audit   fresh: [ '2.0.0' ],
23 silly audit   'fs-extra': [ '11.3.6' ],
23 silly audit   fsevents: [ '2.3.3' ],
23 silly audit   'function-bind': [ '1.1.2' ],
23 silly audit   fuzzysort: [ '3.1.0' ],
23 silly audit   gensync: [ '1.0.0-beta.2' ],
23 silly audit   'get-caller-file': [ '2.0.5' ],
23 silly audit   'get-east-asian-width': [ '1.6.0' ],
23 silly audit   'get-intrinsic': [ '1.3.0' ],
23 silly audit   'get-nonce': [ '1.0.1' ],
23 silly audit   'get-own-enumerable-keys': [ '1.0.0' ],
23 silly audit   'get-proto': [ '1.0.1' ],
23 silly audit   'get-tsconfig': [ '5.0.0-beta.4' ],
23 silly audit   giget: [ '2.0.0' ],
23 silly audit   'github-slugger': [ '2.0.0' ],
23 silly audit   'glob-parent': [ '5.1.2' ],
23 silly audit   gopd: [ '1.2.0' ],
23 silly audit   'graceful-fs': [ '4.2.11' ],
23 silly audit   h3: [ '1.15.11' ],
23 silly audit   'has-symbols': [ '1.1.0' ],
23 silly audit   hasown: [ '2.0.4' ],
23 silly audit   'hast-util-to-html': [ '9.0.5' ],
23 silly audit   'hast-util-whitespace': [ '3.0.0' ],
23 silly audit   hono: [ '4.12.27' ],
23 silly audit   'html-escaper': [ '3.0.3' ],
23 silly audit   'html-void-elements': [ '3.0.0' ],
23 silly audit   'http-cache-semantics': [ '4.2.0' ],
23 silly audit   'http-errors': [ '2.0.1' ],
23 silly audit   'iconv-lite': [ '0.7.2' ],
23 silly audit   ignore: [ '5.3.2' ],
23 silly audit   'import-fresh': [ '3.3.1' ],
23 silly audit   inherits: [ '2.0.4' ],
23 silly audit   'input-otp': [ '1.4.2' ],
23 silly audit   internmap: [ '2.0.3' ],
23 silly audit   'ip-address': [ '10.2.0' ],
23 silly audit   'ipaddr.js': [ '1.9.1' ],
23 silly audit   'iron-webcrypto': [ '1.2.1' ],
23 silly audit   'is-arrayish': [ '0.2.1' ],
23 silly audit   'is-extglob': [ '2.1.1' ],
23 silly audit   'is-fullwidth-code-point': [ '3.0.0' ],
23 silly audit   'is-glob': [ '4.0.3' ],
23 silly audit   'is-in-ssh': [ '1.0.0' ],
23 silly audit   'is-inside-container': [ '1.0.0' ],
23 silly audit   'is-interactive': [ '2.0.0' ],
23 silly audit   'is-number': [ '7.0.0' ],
23 silly audit   'is-obj': [ '2.0.0', '3.0.0' ],
23 silly audit   'is-plain-obj': [ '4.1.0' ],
23 silly audit   'is-promise': [ '4.0.0' ],
23 silly audit   'is-regexp': [ '3.1.0' ],
23 silly audit   'is-unicode-supported': [ '2.1.0', '1.3.0' ],
23 silly audit   jiti: [ '2.7.0' ],
23 silly audit   jose: [ '6.2.3' ],
23 silly audit   'js-tokens': [ '4.0.0' ],
23 silly audit   'js-yaml': [ '4.3.0' ],
23 silly audit   jsesc: [ '3.1.0' ],
23 silly audit   'json-parse-even-better-errors': [ '2.3.1' ],
23 silly audit   'json-schema-traverse': [ '1.0.0' ],
23 silly audit   json5: [ '2.2.3' ],
23 silly audit   jsonfile: [ '6.2.1' ],
23 silly audit   kleur: [ '4.1.5', '3.0.3' ],
23 silly audit   kysely: [ '0.29.2' ],
23 silly audit   lightningcss: [ '1.32.0' ],
23 silly audit   'lightningcss-android-arm64': [ '1.32.0' ],
23 silly audit   'lightningcss-darwin-arm64': [ '1.32.0' ],
23 silly audit   'lightningcss-darwin-x64': [ '1.32.0' ],
23 silly audit   'lightningcss-freebsd-x64': [ '1.32.0' ],
23 silly audit   'lightningcss-linux-arm-gnueabihf': [ '1.32.0' ],
23 silly audit   'lightningcss-linux-arm64-gnu': [ '1.32.0' ],
23 silly audit   'lightningcss-linux-arm64-musl': [ '1.32.0' ],
23 silly audit   'lightningcss-linux-x64-gnu': [ '1.32.0' ],
23 silly audit   'lightningcss-linux-x64-musl': [ '1.32.0' ],
23 silly audit   'lightningcss-win32-arm64-msvc': [ '1.32.0' ],
23 silly audit   'lightningcss-win32-x64-msvc': [ '1.32.0' ],
23 silly audit   'lines-and-columns': [ '1.2.4' ],
23 silly audit   'locate-path': [ '3.0.0' ],
23 silly audit   'log-symbols': [ '6.0.0' ],
23 silly audit   'lucide-react': [ '1.23.0' ],
23 silly audit   'magic-string': [ '0.30.21' ],
23 silly audit   magicast: [ '0.5.3' ],
23 silly audit   'math-intrinsics': [ '1.1.0' ],
23 silly audit   'mdast-util-to-hast': [ '13.2.1' ],
23 silly audit   'media-typer': [ '1.1.0' ],
23 silly audit   'merge-descriptors': [ '2.0.0' ],
23 silly audit   'merge-stream': [ '2.0.0' ],
23 silly audit   merge2: [ '1.4.1' ],
23 silly audit   'micromark-util-character': [ '2.1.1' ],
23 silly audit   'micromark-util-encode': [ '2.0.1' ],
23 silly audit   'micromark-util-sanitize-uri': [ '2.0.1' ],
23 silly audit   'micromark-util-symbol': [ '2.0.1' ],
23 silly audit   'micromark-util-types': [ '2.0.2' ],
23 silly audit   micromatch: [ '4.0.8' ],
23 silly audit   'mime-db': [ '1.54.0' ],
23 silly audit   'mime-types': [ '3.0.2' ],
23 silly audit   'mimic-fn': [ '3.1.0', '2.1.0' ],
23 silly audit   'mimic-function': [ '5.0.1' ],
23 silly audit   minimatch: [ '10.2.5' ],
23 silly audit   minimist: [ '1.2.8' ],
23 silly audit   motion: [ '12.42.2' ],
23 silly audit   'motion-dom': [ '12.42.2' ],
23 silly audit   'motion-utils': [ '12.39.0' ],
23 silly audit   mrmime: [ '2.0.1' ],
23 silly audit   ms: [ '2.1.3' ],
23 silly audit   'muggle-string': [ '0.4.1' ],
23 silly audit   nanoid: [ '3.3.15' ],
23 silly audit   nanostores: [ '1.4.0' ],
23 silly audit   negotiator: [ '1.0.0' ],
23 silly audit   neotraverse: [ '0.6.18' ],
23 silly audit   'next-themes': [ '0.4.6' ],
23 silly audit   'nlcst-to-string': [ '4.0.0' ],
23 silly audit   'node-fetch-native': [ '1.6.7' ],
23 silly audit   'node-mock-http': [ '1.0.4' ],
23 silly audit   'node-releases': [ '2.0.50' ],
23 silly audit   'normalize-path': [ '3.0.0' ],
23 silly audit   'path-key': [ '4.0.0', '3.1.1' ],
23 silly audit   'nth-check': [ '2.1.1' ],
23 silly audit   nypm: [ '0.6.8' ],
23 silly audit   'object-assign': [ '4.1.1' ],
23 silly audit   'object-inspect': [ '1.13.4' ],
23 silly audit   'object-treeify': [ '1.1.33' ],
23 silly audit   obug: [ '2.1.3' ],
23 silly audit   ofetch: [ '1.5.1' ],
23 silly audit   ohash: [ '2.0.11' ],
23 silly audit   'on-finished': [ '2.4.1' ],
23 silly audit   once: [ '1.4.0' ],
23 silly audit   onetime: [ '5.1.2', '7.0.0' ],
23 silly audit   'oniguruma-parser': [ '0.12.2' ],
23 silly audit   'oniguruma-to-es': [ '4.3.6' ],
23 silly audit   ora: [ '8.2.0' ],
23 silly audit   'strip-ansi': [ '7.2.0', '6.0.1' ],
23 silly audit   'p-limit': [ '7.3.0', '2.3.0' ],
23 silly audit   'p-locate': [ '3.0.0' ],
23 silly audit   'p-queue': [ '9.3.0' ],
23 silly audit   'p-timeout': [ '7.0.1' ],
23 silly audit   'p-try': [ '2.2.0' ],
23 silly audit   'package-manager-detector': [ '1.7.0' ],
23 silly audit   'parent-module': [ '1.0.1' ],
23 silly audit   'parse-json': [ '5.2.0' ],
23 silly audit   'parse-ms': [ '4.0.0' ],
23 silly audit   parseurl: [ '1.3.3' ],
23 silly audit   'path-browserify': [ '1.0.1' ],
23 silly audit   'path-exists': [ '3.0.0' ],
23 silly audit   'path-to-regexp': [ '8.4.2' ],
23 silly audit   'perfect-debounce': [ '1.0.0' ],
23 silly audit   'pg-int8': [ '1.0.1' ],
23 silly audit   'pg-protocol': [ '1.15.0' ],
23 silly audit   'pg-types': [ '2.2.0' ],
23 silly audit   piccolore: [ '0.1.3' ],
23 silly audit   picocolors: [ '1.1.1' ],
23 silly audit   'pkce-challenge': [ '5.0.1' ],
23 silly audit   'pkg-types': [ '2.3.1' ],
23 silly audit   'pkg-up': [ '3.1.0' ],
23 silly audit   postcss: [ '8.5.16' ],
23 silly audit   'postcss-selector-parser': [ '7.1.4' ],
23 silly audit   'postgres-array': [ '2.0.0' ],
23 silly audit   'postgres-bytea': [ '1.0.1' ],
23 silly audit   'postgres-date': [ '1.0.7' ],
23 silly audit   'postgres-interval': [ '1.2.0' ],
23 silly audit   'powershell-utils': [ '0.1.0' ],
23 silly audit   prettier: [ '3.9.4' ],
23 silly audit   'pretty-ms': [ '9.3.0' ],
23 silly audit   prisma: [ '6.19.3' ],
23 silly audit   prismjs: [ '1.30.0' ],
23 silly audit   'process-ancestry': [ '0.1.0' ],
23 silly audit   prompts: [ '2.4.2' ],
23 silly audit   'property-information': [ '7.2.0' ],
23 silly audit   'proxy-addr': [ '2.0.7' ],
23 silly audit   'pure-rand': [ '6.1.0' ],
23 silly audit   qs: [ '6.15.3' ],
23 silly audit   'queue-microtask': [ '1.2.3' ],
23 silly audit   'radix-ui': [ '1.6.1' ],
23 silly audit   radix3: [ '1.1.2' ],
23 silly audit   'range-parser': [ '1.3.0' ],
23 silly audit   'raw-body': [ '3.0.2' ],
23 silly audit   rc9: [ '2.1.2' ],
23 silly audit   react: [ '19.2.7' ],
23 silly audit   'react-day-picker': [ '10.0.1' ],
23 silly audit   'react-dom': [ '19.2.7' ],
23 silly audit   'react-redux': [ '9.3.0' ],
23 silly audit   'react-refresh': [ '0.18.0' ],
23 silly audit   'react-remove-scroll': [ '2.7.2' ],
23 silly audit   'react-remove-scroll-bar': [ '2.3.8' ],
23 silly audit   'react-resizable-panels': [ '4.12.0' ],
23 silly audit   'react-style-singleton': [ '2.2.3' ],
23 silly audit   recast: [ '0.23.12' ],
23 silly audit   recharts: [ '3.8.0' ],
23 silly audit   reselect: [ '5.1.1', '5.2.0' ],
23 silly audit   redux: [ '5.0.1' ],
23 silly audit   'redux-thunk': [ '3.1.0' ],
23 silly audit   regex: [ '6.1.0' ],
23 silly audit   'regex-recursion': [ '6.0.2' ],
23 silly audit   'regex-utilities': [ '2.3.0' ],
23 silly audit   'request-light': [ '0.7.0', '0.5.8' ],
23 silly audit   'require-directory': [ '2.1.1' ],
23 silly audit   'require-from-string': [ '2.0.2' ],
23 silly audit   'resolve-from': [ '4.0.0' ],
23 silly audit   'resolve-pkg-maps': [ '1.0.0' ],
23 silly audit   'restore-cursor': [ '5.1.0' ],
23 silly audit   'retext-smartypants': [ '6.2.0' ],
23 silly audit   reusify: [ '1.1.0' ],
23 silly audit   rolldown: [ '1.1.4' ],
23 silly audit   rou3: [ '0.7.12' ],
23 silly audit   router: [ '2.2.0' ],
23 silly audit   'run-applescript': [ '7.1.0' ],
23 silly audit   'run-parallel': [ '1.2.0' ],
23 silly audit   'safer-buffer': [ '2.1.2' ],
23 silly audit   satteri: [ '0.9.4' ],
23 silly audit   sax: [ '1.6.0' ],
23 silly audit   scheduler: [ '0.27.0' ],
23 silly audit   send: [ '1.2.1' ],
23 silly audit   'serve-static': [ '2.2.1' ],
23 silly audit   'set-cookie-parser': [ '3.1.1' ],
23 silly audit   setprototypeof: [ '1.2.0' ],
23 silly audit   shadcn: [ '4.12.0' ],
23 silly audit   zod: [ '3.25.76', '4.4.3' ],
23 silly audit   sharp: [ '0.35.3' ],
23 silly audit   'shebang-command': [ '2.0.0' ],
23 silly audit   'shebang-regex': [ '3.0.0' ],
23 silly audit   shiki: [ '4.3.0' ],
23 silly audit   'side-channel': [ '1.1.1' ],
23 silly audit   'side-channel-list': [ '1.0.1' ],
23 silly audit   'side-channel-map': [ '1.0.1' ],
23 silly audit   'side-channel-weakmap': [ '1.0.2' ],
23 silly audit   sisteransi: [ '1.0.5' ],
23 silly audit   'smol-toml': [ '1.7.0' ],
23 silly audit   sonner: [ '2.0.7' ],
23 silly audit   'source-map': [ '0.6.1' ],
23 silly audit   'source-map-js': [ '1.2.1' ],
23 silly audit   'space-separated-tokens': [ '2.0.2' ],
23 silly audit   statuses: [ '2.0.2' ],
23 silly audit   'stdin-discarder': [ '0.2.2' ],
23 silly audit   'stringify-entities': [ '4.0.4' ],
23 silly audit   'stringify-object': [ '5.0.0' ],
23 silly audit   'strip-bom': [ '3.0.0' ],
23 silly audit   svgo: [ '4.0.1' ],
23 silly audit   systeminformation: [ '5.31.11' ],
23 silly audit   'tailwind-merge': [ '3.6.0' ],
23 silly audit   tailwindcss: [ '4.3.2' ],
23 silly audit   tapable: [ '2.3.3' ],
23 silly audit   'tiny-inflate': [ '1.0.3' ],
23 silly audit   'tiny-invariant': [ '1.3.3' ],
23 silly audit   tinyclip: [ '0.1.15' ],
23 silly audit   tinyexec: [ '1.2.4' ],
23 silly audit   tinyglobby: [ '0.2.17' ],
23 silly audit   'to-regex-range': [ '5.0.1' ],
23 silly audit   toidentifier: [ '1.0.1' ],
23 silly audit   'trim-lines': [ '3.0.1' ],
23 silly audit   trough: [ '2.2.0' ],
23 silly audit   'ts-morph': [ '26.0.0' ],
23 silly audit   'tsconfig-paths': [ '4.2.0' ],
23 silly audit   tslib: [ '2.8.1' ],
23 silly audit   tsx: [ '4.22.4' ],
23 silly audit   'tw-animate-css': [ '1.4.0' ],
23 silly audit   'type-is': [ '2.1.0' ],
23 silly audit   'typesafe-path': [ '0.2.2' ],
23 silly audit   'typescript-auto-import-cache': [ '0.3.6' ],
23 silly audit   ufo: [ '1.6.4' ],
23 silly audit   ultrahtml: [ '1.6.0' ],
23 silly audit   uncrypto: [ '0.1.3' ],
23 silly audit   undici: [ '7.28.0' ],
23 silly audit   'undici-types': [ '8.3.0' ],
23 silly audit   'unicorn-magic': [ '0.3.0' ],
23 silly audit   unified: [ '11.0.5' ],
23 silly audit   unifont: [ '0.7.4' ],
23 silly audit   'unist-util-is': [ '6.0.1' ],
23 silly audit   'unist-util-position': [ '5.0.0' ],
23 silly audit   'unist-util-stringify-position': [ '4.0.0' ],
23 silly audit   'unist-util-visit': [ '5.1.0' ],
23 silly audit   'unist-util-visit-parents': [ '6.0.2' ],
23 silly audit   universalify: [ '2.0.1' ],
23 silly audit   unpipe: [ '1.0.0' ],
23 silly audit   unstorage: [ '1.17.5' ],
23 silly audit   'update-browserslist-db': [ '1.2.3' ],
23 silly audit   'use-callback-ref': [ '1.3.3' ],
23 silly audit   'use-sidecar': [ '1.1.3' ],
23 silly audit   'use-sync-external-store': [ '1.6.0' ],
23 silly audit   'util-deprecate': [ '1.0.2' ],
23 silly audit   'validate-npm-package-name': [ '7.0.2' ],
23 silly audit   vary: [ '1.1.2' ],
23 silly audit   vaul: [ '1.1.2' ],
23 silly audit   vfile: [ '6.0.3' ],
23 silly audit   'vfile-message': [ '4.0.3' ],
23 silly audit   'victory-vendor': [ '37.3.6' ],
23 silly audit   vite: [ '8.1.3' ],
23 silly audit   vitefu: [ '1.1.3' ],
23 silly audit   'volar-service-css': [ '0.0.71' ],
23 silly audit   'volar-service-emmet': [ '0.0.71' ],
23 silly audit   'volar-service-html': [ '0.0.71' ],
23 silly audit   'volar-service-prettier': [ '0.0.71' ],
23 silly audit   'volar-service-typescript': [ '0.0.71' ],
23 silly audit   'volar-service-typescript-twoslash-queries': [ '0.0.71' ],
23 silly audit   'volar-service-yaml': [ '0.0.71' ],
23 silly audit   'vscode-css-languageservice': [ '6.3.10' ],
23 silly audit   'vscode-languageserver-types': [ '3.17.5', '3.18.0' ],
23 silly audit   'vscode-html-languageservice': [ '5.6.2' ],
23 silly audit   'vscode-json-languageservice': [ '4.1.8' ],
23 silly audit   'vscode-jsonrpc': [ '9.0.1', '8.2.0' ],
23 silly audit   'vscode-languageserver': [ '9.0.1' ],
23 silly audit   'vscode-languageserver-protocol': [ '3.18.2', '3.17.5' ],
23 silly audit   'vscode-languageserver-textdocument': [ '1.0.12' ],
23 silly audit   'vscode-nls': [ '5.2.0' ],
23 silly audit   'vscode-uri': [ '3.1.0' ],
23 silly audit   'which-pm-runs': [ '1.1.0' ],
23 silly audit   'wrap-ansi': [ '7.0.0' ],
23 silly audit   wrappy: [ '1.0.2' ],
23 silly audit   'wsl-utils': [ '0.3.1' ],
23 silly audit   xtend: [ '4.0.2' ],
23 silly audit   'xxhash-wasm': [ '1.1.0' ],
23 silly audit   y18n: [ '5.0.8' ],
23 silly audit   yallist: [ '3.1.1' ],
23 silly audit   yaml: [ '2.9.0', '2.8.3' ],
23 silly audit   'yaml-language-server': [ '1.23.0' ],
23 silly audit   yargs: [ '17.7.3' ],
23 silly audit   'yargs-parser': [ '22.0.0', '21.1.1' ],
23 silly audit   'yocto-queue': [ '1.2.2' ],
23 silly audit   'yocto-spinner': [ '1.2.0' ],
23 silly audit   yoctocolors: [ '2.1.2' ],
23 silly audit   'zod-to-json-schema': [ '3.25.2' ],
23 silly audit   zwitch: [ '2.0.4' ],
23 silly audit   lenis: [ '1.3.11' ],
23 silly audit   '@tailwindcss/oxide-wasm32-wasi': [ '4.3.2' ]
23 silly audit }
24 verbose reify failed optional dependency D:\Website\drinkregen\node_modules\lightningcss-win32-arm64-msvc
25 silly reify mark deleted [
25 silly reify   'D:\\Website\\drinkregen\\node_modules\\lightningcss-win32-arm64-msvc'
25 silly reify ]
26 verbose reify failed optional dependency D:\Website\drinkregen\node_modules\lightningcss-linux-x64-musl
27 silly reify mark deleted [
27 silly reify   'D:\\Website\\drinkregen\\node_modules\\lightningcss-linux-x64-musl'
27 silly reify ]
28 verbose reify failed optional dependency D:\Website\drinkregen\node_modules\lightningcss-linux-x64-gnu
29 silly reify mark deleted [ 'D:\\Website\\drinkregen\\node_modules\\lightningcss-linux-x64-gnu' ]
30 verbose reify failed optional dependency D:\Website\drinkregen\node_modules\lightningcss-linux-arm64-musl
31 silly reify mark deleted [
31 silly reify   'D:\\Website\\drinkregen\\node_modules\\lightningcss-linux-arm64-musl'
31 silly reify ]
32 verbose reify failed optional dependency D:\Website\drinkregen\node_modules\lightningcss-linux-arm64-gnu
33 silly reify mark deleted [
33 silly reify   'D:\\Website\\drinkregen\\node_modules\\lightningcss-linux-arm64-gnu'
33 silly reify ]
34 verbose reify failed optional dependency D:\Website\drinkregen\node_modules\lightningcss-linux-arm-gnueabihf
35 silly reify mark deleted [
35 silly reify   'D:\\Website\\drinkregen\\node_modules\\lightningcss-linux-arm-gnueabihf'
35 silly reify ]
36 verbose reify failed optional dependency D:\Website\drinkregen\node_modules\lightningcss-freebsd-x64
37 silly reify mark deleted [ 'D:\\Website\\drinkregen\\node_modules\\lightningcss-freebsd-x64' ]
38 verbose reify failed optional dependency D:\Website\drinkregen\node_modules\lightningcss-darwin-x64
39 silly reify mark deleted [ 'D:\\Website\\drinkregen\\node_modules\\lightningcss-darwin-x64' ]
40 verbose reify failed optional dependency D:\Website\drinkregen\node_modules\lightningcss-darwin-arm64
41 silly reify mark deleted [ 'D:\\Website\\drinkregen\\node_modules\\lightningcss-darwin-arm64' ]
42 verbose reify failed optional dependency D:\Website\drinkregen\node_modules\lightningcss-android-arm64
43 silly reify mark deleted [ 'D:\\Website\\drinkregen\\node_modules\\lightningcss-android-arm64' ]
44 verbose reify failed optional dependency D:\Website\drinkregen\node_modules\fsevents
45 silly reify mark deleted [ 'D:\\Website\\drinkregen\\node_modules\\fsevents' ]
46 verbose reify failed optional dependency D:\Website\drinkregen\node_modules\@tailwindcss\oxide-win32-arm64-msvc
47 silly reify mark deleted [
47 silly reify   'D:\\Website\\drinkregen\\node_modules\\@tailwindcss\\oxide-win32-arm64-msvc'
47 silly reify ]
48 verbose reify failed optional dependency D:\Website\drinkregen\node_modules\@tailwindcss\oxide-linux-x64-musl
49 silly reify mark deleted [
49 silly reify   'D:\\Website\\drinkregen\\node_modules\\@tailwindcss\\oxide-linux-x64-musl'
49 silly reify ]
50 verbose reify failed optional dependency D:\Website\drinkregen\node_modules\@tailwindcss\oxide-linux-x64-gnu
51 silly reify mark deleted [
51 silly reify   'D:\\Website\\drinkregen\\node_modules\\@tailwindcss\\oxide-linux-x64-gnu'
51 silly reify ]
52 verbose reify failed optional dependency D:\Website\drinkregen\node_modules\@tailwindcss\oxide-linux-arm64-musl
53 silly reify mark deleted [
53 silly reify   'D:\\Website\\drinkregen\\node_modules\\@tailwindcss\\oxide-linux-arm64-musl'
53 silly reify ]
54 verbose reify failed optional dependency D:\Website\drinkregen\node_modules\@tailwindcss\oxide-linux-arm64-gnu
55 silly reify mark deleted [
55 silly reify   'D:\\Website\\drinkregen\\node_modules\\@tailwindcss\\oxide-linux-arm64-gnu'
55 silly reify ]
56 verbose reify failed optional dependency D:\Website\drinkregen\node_modules\@tailwindcss\oxide-linux-arm-gnueabihf
57 silly reify mark deleted [
57 silly reify   'D:\\Website\\drinkregen\\node_modules\\@tailwindcss\\oxide-linux-arm-gnueabihf'
57 silly reify ]
58 verbose reify failed optional dependency D:\Website\drinkregen\node_modules\@tailwindcss\oxide-freebsd-x64
59 silly reify mark deleted [
59 silly reify   'D:\\Website\\drinkregen\\node_modules\\@tailwindcss\\oxide-freebsd-x64'
59 silly reify ]
60 verbose reify failed optional dependency D:\Website\drinkregen\node_modules\@tailwindcss\oxide-darwin-x64
61 silly reify mark deleted [
61 silly reify   'D:\\Website\\drinkregen\\node_modules\\@tailwindcss\\oxide-darwin-x64'
61 silly reify ]
62 verbose reify failed optional dependency D:\Website\drinkregen\node_modules\@tailwindcss\oxide-darwin-arm64
63 silly reify mark deleted [
63 silly reify   'D:\\Website\\drinkregen\\node_modules\\@tailwindcss\\oxide-darwin-arm64'
63 silly reify ]
64 verbose reify failed optional dependency D:\Website\drinkregen\node_modules\@tailwindcss\oxide-android-arm64
65 silly reify mark deleted [
65 silly reify   'D:\\Website\\drinkregen\\node_modules\\@tailwindcss\\oxide-android-arm64'
65 silly reify ]
66 verbose reify failed optional dependency D:\Website\drinkregen\node_modules\@rolldown\binding-win32-arm64-msvc
67 silly reify mark deleted [
67 silly reify   'D:\\Website\\drinkregen\\node_modules\\@rolldown\\binding-win32-arm64-msvc'
67 silly reify ]
68 verbose reify failed optional dependency D:\Website\drinkregen\node_modules\@rolldown\binding-wasm32-wasi
69 silly reify mark deleted [
69 silly reify   'D:\\Website\\drinkregen\\node_modules\\@rolldown\\binding-wasm32-wasi'
69 silly reify ]
70 verbose reify failed optional dependency D:\Website\drinkregen\node_modules\@rolldown\binding-openharmony-arm64
71 silly reify mark deleted [
71 silly reify   'D:\\Website\\drinkregen\\node_modules\\@rolldown\\binding-openharmony-arm64'
71 silly reify ]
72 verbose reify failed optional dependency D:\Website\drinkregen\node_modules\@rolldown\binding-linux-x64-musl
73 silly reify mark deleted [
73 silly reify   'D:\\Website\\drinkregen\\node_modules\\@rolldown\\binding-linux-x64-musl'
73 silly reify ]
74 verbose reify failed optional dependency D:\Website\drinkregen\node_modules\@rolldown\binding-linux-x64-gnu
75 silly reify mark deleted [
75 silly reify   'D:\\Website\\drinkregen\\node_modules\\@rolldown\\binding-linux-x64-gnu'
75 silly reify ]
76 verbose reify failed optional dependency D:\Website\drinkregen\node_modules\@rolldown\binding-linux-s390x-gnu
77 silly reify mark deleted [
77 silly reify   'D:\\Website\\drinkregen\\node_modules\\@rolldown\\binding-linux-s390x-gnu'
77 silly reify ]
78 verbose reify failed optional dependency D:\Website\drinkregen\node_modules\@rolldown\binding-linux-ppc64-gnu
79 silly reify mark deleted [
79 silly reify   'D:\\Website\\drinkregen\\node_modules\\@rolldown\\binding-linux-ppc64-gnu'
79 silly reify ]
80 verbose reify failed optional dependency D:\Website\drinkregen\node_modules\@rolldown\binding-linux-arm64-musl
81 silly reify mark deleted [
81 silly reify   'D:\\Website\\drinkregen\\node_modules\\@rolldown\\binding-linux-arm64-musl'
81 silly reify ]
82 verbose reify failed optional dependency D:\Website\drinkregen\node_modules\@rolldown\binding-linux-arm64-gnu
83 silly reify mark deleted [
83 silly reify   'D:\\Website\\drinkregen\\node_modules\\@rolldown\\binding-linux-arm64-gnu'
83 silly reify ]
84 verbose reify failed optional dependency D:\Website\drinkregen\node_modules\@rolldown\binding-linux-arm-gnueabihf
85 silly reify mark deleted [
85 silly reify   'D:\\Website\\drinkregen\\node_modules\\@rolldown\\binding-linux-arm-gnueabihf'
85 silly reify ]
86 verbose reify failed optional dependency D:\Website\drinkregen\node_modules\@rolldown\binding-freebsd-x64
87 silly reify mark deleted [
87 silly reify   'D:\\Website\\drinkregen\\node_modules\\@rolldown\\binding-freebsd-x64'
87 silly reify ]
88 verbose reify failed optional dependency D:\Website\drinkregen\node_modules\@rolldown\binding-darwin-x64
89 silly reify mark deleted [
89 silly reify   'D:\\Website\\drinkregen\\node_modules\\@rolldown\\binding-darwin-x64'
89 silly reify ]
90 verbose reify failed optional dependency D:\Website\drinkregen\node_modules\@rolldown\binding-darwin-arm64
91 silly reify mark deleted [
91 silly reify   'D:\\Website\\drinkregen\\node_modules\\@rolldown\\binding-darwin-arm64'
91 silly reify ]
92 verbose reify failed optional dependency D:\Website\drinkregen\node_modules\@rolldown\binding-android-arm64
93 silly reify mark deleted [
93 silly reify   'D:\\Website\\drinkregen\\node_modules\\@rolldown\\binding-android-arm64'
93 silly reify ]
94 verbose reify failed optional dependency D:\Website\drinkregen\node_modules\@img\sharp-win32-ia32
95 silly reify mark deleted [ 'D:\\Website\\drinkregen\\node_modules\\@img\\sharp-win32-ia32' ]
96 verbose reify failed optional dependency D:\Website\drinkregen\node_modules\@img\sharp-win32-arm64
97 silly reify mark deleted [ 'D:\\Website\\drinkregen\\node_modules\\@img\\sharp-win32-arm64' ]
98 verbose reify failed optional dependency D:\Website\drinkregen\node_modules\@img\sharp-webcontainers-wasm32
99 silly reify mark deleted [
99 silly reify   'D:\\Website\\drinkregen\\node_modules\\@img\\sharp-webcontainers-wasm32'
99 silly reify ]
100 verbose reify failed optional dependency D:\Website\drinkregen\node_modules\@img\sharp-linuxmusl-x64
101 silly reify mark deleted [ 'D:\\Website\\drinkregen\\node_modules\\@img\\sharp-linuxmusl-x64' ]
102 verbose reify failed optional dependency D:\Website\drinkregen\node_modules\@img\sharp-linuxmusl-arm64
103 silly reify mark deleted [
103 silly reify   'D:\\Website\\drinkregen\\node_modules\\@img\\sharp-linuxmusl-arm64'
103 silly reify ]
104 verbose reify failed optional dependency D:\Website\drinkregen\node_modules\@img\sharp-linux-x64
105 silly reify mark deleted [ 'D:\\Website\\drinkregen\\node_modules\\@img\\sharp-linux-x64' ]
106 verbose reify failed optional dependency D:\Website\drinkregen\node_modules\@img\sharp-linux-s390x
107 silly reify mark deleted [ 'D:\\Website\\drinkregen\\node_modules\\@img\\sharp-linux-s390x' ]
108 verbose reify failed optional dependency D:\Website\drinkregen\node_modules\@img\sharp-linux-riscv64
109 silly reify mark deleted [ 'D:\\Website\\drinkregen\\node_modules\\@img\\sharp-linux-riscv64' ]
110 verbose reify failed optional dependency D:\Website\drinkregen\node_modules\@img\sharp-linux-ppc64
111 silly reify mark deleted [ 'D:\\Website\\drinkregen\\node_modules\\@img\\sharp-linux-ppc64' ]
112 verbose reify failed optional dependency D:\Website\drinkregen\node_modules\@img\sharp-linux-arm64
113 silly reify mark deleted [ 'D:\\Website\\drinkregen\\node_modules\\@img\\sharp-linux-arm64' ]
114 verbose reify failed optional dependency D:\Website\drinkregen\node_modules\@img\sharp-linux-arm
115 silly reify mark deleted [ 'D:\\Website\\drinkregen\\node_modules\\@img\\sharp-linux-arm' ]
116 verbose reify failed optional dependency D:\Website\drinkregen\node_modules\@img\sharp-libvips-linuxmusl-x64
117 silly reify mark deleted [
117 silly reify   'D:\\Website\\drinkregen\\node_modules\\@img\\sharp-libvips-linuxmusl-x64'
117 silly reify ]
118 verbose reify failed optional dependency D:\Website\drinkregen\node_modules\@img\sharp-libvips-linuxmusl-arm64
119 silly reify mark deleted [
119 silly reify   'D:\\Website\\drinkregen\\node_modules\\@img\\sharp-libvips-linuxmusl-arm64'
119 silly reify ]
120 verbose reify failed optional dependency D:\Website\drinkregen\node_modules\@img\sharp-libvips-linux-x64
121 silly reify mark deleted [
121 silly reify   'D:\\Website\\drinkregen\\node_modules\\@img\\sharp-libvips-linux-x64'
121 silly reify ]
122 verbose reify failed optional dependency D:\Website\drinkregen\node_modules\@img\sharp-libvips-linux-s390x
123 silly reify mark deleted [
123 silly reify   'D:\\Website\\drinkregen\\node_modules\\@img\\sharp-libvips-linux-s390x'
123 silly reify ]
124 verbose reify failed optional dependency D:\Website\drinkregen\node_modules\@img\sharp-libvips-linux-riscv64
125 silly reify mark deleted [
125 silly reify   'D:\\Website\\drinkregen\\node_modules\\@img\\sharp-libvips-linux-riscv64'
125 silly reify ]
126 verbose reify failed optional dependency D:\Website\drinkregen\node_modules\@img\sharp-libvips-linux-ppc64
127 silly reify mark deleted [
127 silly reify   'D:\\Website\\drinkregen\\node_modules\\@img\\sharp-libvips-linux-ppc64'
127 silly reify ]
128 verbose reify failed optional dependency D:\Website\drinkregen\node_modules\@img\sharp-libvips-linux-arm64
129 silly reify mark deleted [
129 silly reify   'D:\\Website\\drinkregen\\node_modules\\@img\\sharp-libvips-linux-arm64'
129 silly reify ]
130 verbose reify failed optional dependency D:\Website\drinkregen\node_modules\@img\sharp-libvips-linux-arm
131 silly reify mark deleted [
131 silly reify   'D:\\Website\\drinkregen\\node_modules\\@img\\sharp-libvips-linux-arm'
131 silly reify ]
132 verbose reify failed optional dependency D:\Website\drinkregen\node_modules\@img\sharp-libvips-darwin-x64
133 silly reify mark deleted [
133 silly reify   'D:\\Website\\drinkregen\\node_modules\\@img\\sharp-libvips-darwin-x64'
133 silly reify ]
134 verbose reify failed optional dependency D:\Website\drinkregen\node_modules\@img\sharp-libvips-darwin-arm64
135 silly reify mark deleted [
135 silly reify   'D:\\Website\\drinkregen\\node_modules\\@img\\sharp-libvips-darwin-arm64'
135 silly reify ]
136 verbose reify failed optional dependency D:\Website\drinkregen\node_modules\@img\sharp-freebsd-wasm32
137 silly reify mark deleted [ 'D:\\Website\\drinkregen\\node_modules\\@img\\sharp-freebsd-wasm32' ]
138 verbose reify failed optional dependency D:\Website\drinkregen\node_modules\@img\sharp-darwin-x64
139 silly reify mark deleted [ 'D:\\Website\\drinkregen\\node_modules\\@img\\sharp-darwin-x64' ]
140 verbose reify failed optional dependency D:\Website\drinkregen\node_modules\@img\sharp-darwin-arm64
141 silly reify mark deleted [ 'D:\\Website\\drinkregen\\node_modules\\@img\\sharp-darwin-arm64' ]
142 verbose reify failed optional dependency D:\Website\drinkregen\node_modules\@esbuild\win32-ia32
143 silly reify mark deleted [ 'D:\\Website\\drinkregen\\node_modules\\@esbuild\\win32-ia32' ]
144 verbose reify failed optional dependency D:\Website\drinkregen\node_modules\@esbuild\win32-arm64
145 silly reify mark deleted [ 'D:\\Website\\drinkregen\\node_modules\\@esbuild\\win32-arm64' ]
146 verbose reify failed optional dependency D:\Website\drinkregen\node_modules\@esbuild\sunos-x64
147 silly reify mark deleted [ 'D:\\Website\\drinkregen\\node_modules\\@esbuild\\sunos-x64' ]
148 verbose reify failed optional dependency D:\Website\drinkregen\node_modules\@esbuild\openharmony-arm64
149 silly reify mark deleted [
149 silly reify   'D:\\Website\\drinkregen\\node_modules\\@esbuild\\openharmony-arm64'
149 silly reify ]
150 verbose reify failed optional dependency D:\Website\drinkregen\node_modules\@esbuild\openbsd-x64
151 silly reify mark deleted [ 'D:\\Website\\drinkregen\\node_modules\\@esbuild\\openbsd-x64' ]
152 verbose reify failed optional dependency D:\Website\drinkregen\node_modules\@esbuild\openbsd-arm64
153 silly reify mark deleted [ 'D:\\Website\\drinkregen\\node_modules\\@esbuild\\openbsd-arm64' ]
154 verbose reify failed optional dependency D:\Website\drinkregen\node_modules\@esbuild\netbsd-x64
155 silly reify mark deleted [ 'D:\\Website\\drinkregen\\node_modules\\@esbuild\\netbsd-x64' ]
156 verbose reify failed optional dependency D:\Website\drinkregen\node_modules\@esbuild\netbsd-arm64
157 silly reify mark deleted [ 'D:\\Website\\drinkregen\\node_modules\\@esbuild\\netbsd-arm64' ]
158 verbose reify failed optional dependency D:\Website\drinkregen\node_modules\@esbuild\linux-x64
159 silly reify mark deleted [ 'D:\\Website\\drinkregen\\node_modules\\@esbuild\\linux-x64' ]
160 verbose reify failed optional dependency D:\Website\drinkregen\node_modules\@esbuild\linux-s390x
161 silly reify mark deleted [ 'D:\\Website\\drinkregen\\node_modules\\@esbuild\\linux-s390x' ]
162 verbose reify failed optional dependency D:\Website\drinkregen\node_modules\@esbuild\linux-riscv64
163 silly reify mark deleted [ 'D:\\Website\\drinkregen\\node_modules\\@esbuild\\linux-riscv64' ]
164 verbose reify failed optional dependency D:\Website\drinkregen\node_modules\@esbuild\linux-ppc64
165 silly reify mark deleted [ 'D:\\Website\\drinkregen\\node_modules\\@esbuild\\linux-ppc64' ]
166 verbose reify failed optional dependency D:\Website\drinkregen\node_modules\@esbuild\linux-mips64el
167 silly reify mark deleted [ 'D:\\Website\\drinkregen\\node_modules\\@esbuild\\linux-mips64el' ]
168 verbose reify failed optional dependency D:\Website\drinkregen\node_modules\@esbuild\linux-loong64
169 silly reify mark deleted [ 'D:\\Website\\drinkregen\\node_modules\\@esbuild\\linux-loong64' ]
170 verbose reify failed optional dependency D:\Website\drinkregen\node_modules\@esbuild\linux-ia32
171 silly reify mark deleted [ 'D:\\Website\\drinkregen\\node_modules\\@esbuild\\linux-ia32' ]
172 verbose reify failed optional dependency D:\Website\drinkregen\node_modules\@esbuild\linux-arm64
173 silly reify mark deleted [ 'D:\\Website\\drinkregen\\node_modules\\@esbuild\\linux-arm64' ]
174 verbose reify failed optional dependency D:\Website\drinkregen\node_modules\@esbuild\linux-arm
175 silly reify mark deleted [ 'D:\\Website\\drinkregen\\node_modules\\@esbuild\\linux-arm' ]
176 verbose reify failed optional dependency D:\Website\drinkregen\node_modules\@esbuild\freebsd-x64
177 silly reify mark deleted [ 'D:\\Website\\drinkregen\\node_modules\\@esbuild\\freebsd-x64' ]
178 verbose reify failed optional dependency D:\Website\drinkregen\node_modules\@esbuild\freebsd-arm64
179 silly reify mark deleted [ 'D:\\Website\\drinkregen\\node_modules\\@esbuild\\freebsd-arm64' ]
180 verbose reify failed optional dependency D:\Website\drinkregen\node_modules\@esbuild\darwin-x64
181 silly reify mark deleted [ 'D:\\Website\\drinkregen\\node_modules\\@esbuild\\darwin-x64' ]
182 verbose reify failed optional dependency D:\Website\drinkregen\node_modules\@esbuild\darwin-arm64
183 silly reify mark deleted [ 'D:\\Website\\drinkregen\\node_modules\\@esbuild\\darwin-arm64' ]
184 verbose reify failed optional dependency D:\Website\drinkregen\node_modules\@esbuild\android-x64
185 silly reify mark deleted [ 'D:\\Website\\drinkregen\\node_modules\\@esbuild\\android-x64' ]
186 verbose reify failed optional dependency D:\Website\drinkregen\node_modules\@esbuild\android-arm64
187 silly reify mark deleted [ 'D:\\Website\\drinkregen\\node_modules\\@esbuild\\android-arm64' ]
188 verbose reify failed optional dependency D:\Website\drinkregen\node_modules\@esbuild\android-arm
189 silly reify mark deleted [ 'D:\\Website\\drinkregen\\node_modules\\@esbuild\\android-arm' ]
190 verbose reify failed optional dependency D:\Website\drinkregen\node_modules\@esbuild\aix-ppc64
191 silly reify mark deleted [ 'D:\\Website\\drinkregen\\node_modules\\@esbuild\\aix-ppc64' ]
192 verbose reify failed optional dependency D:\Website\drinkregen\node_modules\@bruits\satteri-win32-arm64-msvc
193 silly reify mark deleted [
193 silly reify   'D:\\Website\\drinkregen\\node_modules\\@bruits\\satteri-win32-arm64-msvc'
193 silly reify ]
194 verbose reify failed optional dependency D:\Website\drinkregen\node_modules\@bruits\satteri-wasm32-wasi
195 silly reify mark deleted [
195 silly reify   'D:\\Website\\drinkregen\\node_modules\\@bruits\\satteri-wasm32-wasi'
195 silly reify ]
196 verbose reify failed optional dependency D:\Website\drinkregen\node_modules\@bruits\satteri-linux-x64-musl
197 silly reify mark deleted [
197 silly reify   'D:\\Website\\drinkregen\\node_modules\\@bruits\\satteri-linux-x64-musl'
197 silly reify ]
198 verbose reify failed optional dependency D:\Website\drinkregen\node_modules\@bruits\satteri-linux-x64-gnu
199 silly reify mark deleted [
199 silly reify   'D:\\Website\\drinkregen\\node_modules\\@bruits\\satteri-linux-x64-gnu'
199 silly reify ]
200 verbose reify failed optional dependency D:\Website\drinkregen\node_modules\@bruits\satteri-linux-arm64-musl
201 silly reify mark deleted [
201 silly reify   'D:\\Website\\drinkregen\\node_modules\\@bruits\\satteri-linux-arm64-musl'
201 silly reify ]
202 verbose reify failed optional dependency D:\Website\drinkregen\node_modules\@bruits\satteri-linux-arm64-gnu
203 silly reify mark deleted [
203 silly reify   'D:\\Website\\drinkregen\\node_modules\\@bruits\\satteri-linux-arm64-gnu'
203 silly reify ]
204 verbose reify failed optional dependency D:\Website\drinkregen\node_modules\@bruits\satteri-darwin-x64
205 silly reify mark deleted [
205 silly reify   'D:\\Website\\drinkregen\\node_modules\\@bruits\\satteri-darwin-x64'
205 silly reify ]
206 verbose reify failed optional dependency D:\Website\drinkregen\node_modules\@bruits\satteri-darwin-arm64
207 silly reify mark deleted [
207 silly reify   'D:\\Website\\drinkregen\\node_modules\\@bruits\\satteri-darwin-arm64'
207 silly reify ]
208 verbose reify failed optional dependency D:\Website\drinkregen\node_modules\@astrojs\compiler-binding-win32-arm64-msvc
209 silly reify mark deleted [
209 silly reify   'D:\\Website\\drinkregen\\node_modules\\@astrojs\\compiler-binding-win32-arm64-msvc'
209 silly reify ]
210 verbose reify failed optional dependency D:\Website\drinkregen\node_modules\@astrojs\compiler-binding-wasm32-wasi
211 silly reify mark deleted [
211 silly reify   'D:\\Website\\drinkregen\\node_modules\\@astrojs\\compiler-binding-wasm32-wasi'
211 silly reify ]
212 verbose reify failed optional dependency D:\Website\drinkregen\node_modules\@astrojs\compiler-binding-linux-x64-musl
213 silly reify mark deleted [
213 silly reify   'D:\\Website\\drinkregen\\node_modules\\@astrojs\\compiler-binding-linux-x64-musl'
213 silly reify ]
214 verbose reify failed optional dependency D:\Website\drinkregen\node_modules\@astrojs\compiler-binding-linux-x64-gnu
215 silly reify mark deleted [
215 silly reify   'D:\\Website\\drinkregen\\node_modules\\@astrojs\\compiler-binding-linux-x64-gnu'
215 silly reify ]
216 verbose reify failed optional dependency D:\Website\drinkregen\node_modules\@astrojs\compiler-binding-linux-arm64-musl
217 silly reify mark deleted [
217 silly reify   'D:\\Website\\drinkregen\\node_modules\\@astrojs\\compiler-binding-linux-arm64-musl'
217 silly reify ]
218 verbose reify failed optional dependency D:\Website\drinkregen\node_modules\@astrojs\compiler-binding-linux-arm64-gnu
219 silly reify mark deleted [
219 silly reify   'D:\\Website\\drinkregen\\node_modules\\@astrojs\\compiler-binding-linux-arm64-gnu'
219 silly reify ]
220 verbose reify failed optional dependency D:\Website\drinkregen\node_modules\@astrojs\compiler-binding-darwin-x64
221 silly reify mark deleted [
221 silly reify   'D:\\Website\\drinkregen\\node_modules\\@astrojs\\compiler-binding-darwin-x64'
221 silly reify ]
222 verbose reify failed optional dependency D:\Website\drinkregen\node_modules\@astrojs\compiler-binding-darwin-arm64
223 silly reify mark deleted [
223 silly reify   'D:\\Website\\drinkregen\\node_modules\\@astrojs\\compiler-binding-darwin-arm64'
223 silly reify ]
224 http cache lenis@https://registry.npmjs.org/lenis/-/lenis-1.3.11.tgz 0ms (cache hit)
225 silly tarball no local data for lenis@https://registry.npmjs.org/lenis/-/lenis-1.3.11.tgz. Extracting by manifest.
226 http fetch GET 200 https://registry.npmjs.org/lenis/-/lenis-1.3.11.tgz 86ms (cache miss)
227 http fetch POST 200 https://registry.npmjs.org/-/npm/v1/security/advisories/bulk 342ms
228 silly audit report {}
229 silly ADD node_modules/lenis
230 silly ADD
231 silly ADD
232 silly ADD
233 silly ADD
234 silly ADD
235 silly ADD
236 silly ADD
237 silly ADD
238 silly ADD
239 silly ADD
240 silly ADD
241 silly ADD
242 silly ADD
243 silly ADD
244 silly ADD
245 silly ADD
246 silly ADD
247 silly ADD
248 silly ADD
249 silly ADD
250 silly ADD
251 silly ADD
252 silly ADD
253 silly ADD
254 silly ADD
255 silly ADD
256 silly ADD
257 silly ADD
258 silly ADD
259 silly ADD
260 silly ADD
261 silly ADD
262 silly ADD
263 silly ADD
264 silly ADD
265 silly ADD
266 silly ADD
267 silly ADD
268 silly ADD
269 silly ADD
270 silly ADD
271 silly ADD
272 silly ADD
273 silly ADD
274 silly ADD
275 silly ADD
276 silly ADD
277 silly ADD
278 silly ADD
279 silly ADD
280 silly ADD
281 silly ADD
282 silly ADD
283 silly ADD
284 silly ADD
285 silly ADD
286 silly ADD
287 silly ADD
288 silly ADD
289 silly ADD
290 silly ADD
291 silly ADD
292 silly ADD
293 silly ADD
294 silly ADD
295 silly ADD
296 silly ADD
297 silly ADD
298 silly ADD
299 silly ADD
300 silly ADD
301 silly ADD
302 silly ADD
303 silly ADD
304 silly ADD
305 silly ADD
306 silly ADD
307 silly ADD
308 silly ADD
309 silly ADD
310 silly ADD
311 silly ADD
312 silly ADD
313 silly ADD
314 silly ADD
315 silly ADD
316 silly ADD
317 silly ADD
318 silly ADD
319 silly ADD
320 silly ADD
321 silly ADD
322 silly ADD
323 silly ADD
324 silly ADD
325 silly ADD
326 silly ADD
327 silly ADD
328 silly ADD
329 silly ADD
330 silly ADD
331 verbose cwd D:\Website\drinkregen
332 verbose os Windows_NT 10.0.26200
333 verbose node v22.14.0
334 verbose npm  v10.9.2
335 verbose exit 0
336 info ok
